// Jest Snapshot v1, https://goo.gl/fbAQLP

exports[`<AddMachinePoolModal /> renders correctly 1`] = `
<Modal
  description="A machine pool is a group of machines that are all clones of the same configuration, that can be used on demand by an application running on a pod."
  isPrimaryDisabled={false}
  onClose={[Function]}
  onPrimaryClick={[MockFunction]}
  onSecondaryClick={[Function]}
  primaryText="Add machine pool"
  secondaryText="Cancel"
  title="Add machine pool"
  variant="large"
>
  <Form
    className="control-form-cursor"
    onSubmit={[Function]}
  >
    <Grid>
      <GridItem
        span={6}
      >
        <FormGroup
          className="pf-u-mb-md"
          isRequired={true}
          label="Machine pool name"
        >
          <Field
            component={[Function]}
            name="name"
            type="text"
            validate={[Function]}
          />
        </FormGroup>
      </GridItem>
      <GridItem
        span={6}
      />
      <ScaleSection
        autoScaleMaxNodesValue="0"
        autoScaleMinNodesValue="0"
        autoscalingEnabled={true}
        billingModel="standard"
        canAutoScale={true}
        change={[MockFunction]}
        cloudProviderID="aws"
        handleMachineTypesChange={[Function]}
        inModal={true}
        isBYOC={false}
        isMachinePool={true}
        isMultiAz={false}
        machineType=""
        minNodes={0}
        product="OSD"
        showStorageAndLoadBalancers={false}
      />
    </Grid>
  </Form>
</Modal>
`;
