// Jest Snapshot v1, https://goo.gl/fbAQLP

exports[`<MonitoringList /> should render 1`] = `
<DataList
  aria-label="monitoring-table"
>
  <MonitoringListItem
    expanded={Array []}
    title="Alerts firing"
    toggle={[Function]}
  >
    <MonitoringEmptyState
      hideIcon={true}
      hideLastCheckIn={true}
    >
      <p>
        Please check back later
      </p>
    </MonitoringEmptyState>
  </MonitoringListItem>
  <MonitoringListItem
    expanded={Array []}
    title="Nodes"
    toggle={[Function]}
  >
    <MonitoringEmptyState
      hideIcon={true}
      hideLastCheckIn={true}
    >
      <p>
        Please check back later
      </p>
    </MonitoringEmptyState>
  </MonitoringListItem>
  <MonitoringListItem
    expanded={Array []}
    title="Cluster operators"
    toggle={[Function]}
  >
    <MonitoringEmptyState
      hideIcon={true}
      hideLastCheckIn={true}
    >
      <p>
        Please check back later
      </p>
    </MonitoringEmptyState>
  </MonitoringListItem>
  <MonitoringListItem
    expanded={Array []}
    title="Resource usage"
    toggle={[Function]}
  >
    <MonitoringEmptyState
      hideIcon={true}
      hideLastCheckIn={true}
    >
      <p>
        Please check back later
      </p>
    </MonitoringEmptyState>
  </MonitoringListItem>
</DataList>
`;
