// Jest Snapshot v1, https://goo.gl/fbAQLP

exports[`<RouterShardInputForm /> renders correctly 1`] = `
<div
  className="form-inline"
>
  <Field
    component={[Function]}
    label="Label"
    name="foo.label"
    type="text"
  />
  <Field
    component={[Function]}
    componentClass={[Function]}
    label="Scheme"
    name="foo.scheme"
  />
</div>
`;
