// Jest Snapshot v1, https://goo.gl/fbAQLP

exports[`<AvailabilityZoneSelection /> should render 1`] = `
<FormGroup
  className="ocm-c-create-osd-az-select"
  isRequired={true}
  label="some label"
  onChange={[MockFunction]}
  value=""
>
  <Select
    aria-describedby=""
    aria-invalid={false}
    aria-label=""
    aria-labelledby=""
    chipGroupComponent={null}
    className=""
    clearSelectionsAriaLabel="Clear all"
    createText="Create"
    customBadgeText={null}
    customContent={null}
    direction="down"
    favorites={Array []}
    favoritesLabel="Favorites"
    hasInlineFilter={false}
    hasPlaceholderStyle={false}
    inlineFilterPlaceholderText={null}
    inputAutoComplete="off"
    inputIdPrefix=""
    isCreatable={false}
    isCreateOptionOnTop={false}
    isCreateSelectOptionObject={false}
    isDisabled={false}
    isFlipEnabled={true}
    isGrouped={false}
    isInputFilterPersisted={false}
    isInputValuePersisted={false}
    isOpen={false}
    isPlain={false}
    menuAppendTo="inline"
    noResultsFoundText="No results found"
    onClear={[Function]}
    onCreateOption={[Function]}
    onFilter={null}
    onSelect={[Function]}
    onToggle={[Function]}
    onTypeaheadInputChanged={null}
    ouiaSafe={true}
    placeholderText=""
    position="left"
    removeSelectionAriaLabel="Remove"
    selections="Select availability zone"
    shouldResetOnSelect={true}
    toggleAriaLabel="Options menu"
    toggleIcon={null}
    toggleId={null}
    toggleIndicator={null}
    typeAheadAriaDescribedby=""
    typeAheadAriaLabel=""
    validated="default"
    variant="single"
    width=""
    zIndex={9999}
  >
    <SelectOption
      className=""
      component="button"
      index={0}
      inputId=""
      isChecked={false}
      isDisabled={false}
      isFavorite={null}
      isLastOptionBeforeFooter={[Function]}
      isLoad={false}
      isLoading={false}
      isNoResultsOption={false}
      isPlaceholder={true}
      isSelected={false}
      key="0"
      keyHandler={[Function]}
      onClick={[Function]}
      sendRef={[Function]}
      setViewMoreNextIndex={[Function]}
      value="Select availability zone"
    />
    <SelectOption
      className=""
      component="button"
      index={0}
      inputId=""
      isChecked={false}
      isDisabled={false}
      isFavorite={null}
      isLastOptionBeforeFooter={[Function]}
      isLoad={false}
      isLoading={false}
      isNoResultsOption={false}
      isPlaceholder={false}
      isSelected={false}
      key="a"
      keyHandler={[Function]}
      onClick={[Function]}
      sendRef={[Function]}
      setViewMoreNextIndex={[Function]}
      value="fake-regiona"
    >
      fake-regiona
    </SelectOption>
    <SelectOption
      className=""
      component="button"
      index={0}
      inputId=""
      isChecked={false}
      isDisabled={false}
      isFavorite={null}
      isLastOptionBeforeFooter={[Function]}
      isLoad={false}
      isLoading={false}
      isNoResultsOption={false}
      isPlaceholder={false}
      isSelected={false}
      key="b"
      keyHandler={[Function]}
      onClick={[Function]}
      sendRef={[Function]}
      setViewMoreNextIndex={[Function]}
      value="fake-regionb"
    >
      fake-regionb
    </SelectOption>
    <SelectOption
      className=""
      component="button"
      index={0}
      inputId=""
      isChecked={false}
      isDisabled={false}
      isFavorite={null}
      isLastOptionBeforeFooter={[Function]}
      isLoad={false}
      isLoading={false}
      isNoResultsOption={false}
      isPlaceholder={false}
      isSelected={false}
      key="c"
      keyHandler={[Function]}
      onClick={[Function]}
      sendRef={[Function]}
      setViewMoreNextIndex={[Function]}
      value="fake-regionc"
    >
      fake-regionc
    </SelectOption>
    <SelectOption
      className=""
      component="button"
      index={0}
      inputId=""
      isChecked={false}
      isDisabled={false}
      isFavorite={null}
      isLastOptionBeforeFooter={[Function]}
      isLoad={false}
      isLoading={false}
      isNoResultsOption={false}
      isPlaceholder={false}
      isSelected={false}
      key="d"
      keyHandler={[Function]}
      onClick={[Function]}
      sendRef={[Function]}
      setViewMoreNextIndex={[Function]}
      value="fake-regiond"
    >
      fake-regiond
    </SelectOption>
    <SelectOption
      className=""
      component="button"
      index={0}
      inputId=""
      isChecked={false}
      isDisabled={false}
      isFavorite={null}
      isLastOptionBeforeFooter={[Function]}
      isLoad={false}
      isLoading={false}
      isNoResultsOption={false}
      isPlaceholder={false}
      isSelected={false}
      key="e"
      keyHandler={[Function]}
      onClick={[Function]}
      sendRef={[Function]}
      setViewMoreNextIndex={[Function]}
      value="fake-regione"
    >
      fake-regione
    </SelectOption>
    <SelectOption
      className=""
      component="button"
      index={0}
      inputId=""
      isChecked={false}
      isDisabled={false}
      isFavorite={null}
      isLastOptionBeforeFooter={[Function]}
      isLoad={false}
      isLoading={false}
      isNoResultsOption={false}
      isPlaceholder={false}
      isSelected={false}
      key="f"
      keyHandler={[Function]}
      onClick={[Function]}
      sendRef={[Function]}
      setViewMoreNextIndex={[Function]}
      value="fake-regionf"
    >
      fake-regionf
    </SelectOption>
  </Select>
  <FormGroupHelperText />
</FormGroup>
`;
