// Jest Snapshot v1, https://goo.gl/fbAQLP

exports[`<SubnetFields /> should render 1`] = `
<Fragment>
  <SingleSubnetFieldsRow
    index={0}
    selectedRegion="fake-region"
    showLabels={true}
  />
</Fragment>
`;
