// Jest Snapshot v1, https://goo.gl/fbAQLP

exports[`InstallNutanix renders correctly 1`] = `
<Fragment>
  <InstructionsChooserPageTitle
    breadcrumbs={
      <Breadcrumbs
        path={
          Array [
            Object {
              "label": "Clusters",
            },
            Object {
              "label": "Cluster Type",
              "path": "/create",
            },
            Object {
              "label": "Nutanix AOS",
            },
          ]
        }
      />
    }
    cloudName="Nutanix AOS"
  />
  <PageSection>
    <InstructionsChooser
      agentBasedPageLink=""
      aiLearnMoreLink="https://docs.openshift.com/container-platform/4.12/installing/installing_on_prem_assisted/installing-on-prem-assisted.html"
      aiPageLink="/assisted-installer/clusters/~new"
      hideUPI={true}
      ipiLearnMoreLink="https://docs.openshift.com/container-platform/4.12/installing/installing_nutanix/preparing-to-install-on-nutanix.html"
      ipiPageLink="/install/nutanix/installer-provisioned"
      name="nutanix"
      providerSpecificFeatures={
        Object {
          "ipi": Array [
            "Hosts controlled with Nutanix AOS Cloud Provider",
            "For connected or air-gapped/restricted networks",
          ],
        }
      }
      recommend="ipi"
      upiPageLink=""
    />
  </PageSection>
</Fragment>
`;
