// Jest Snapshot v1, https://goo.gl/fbAQLP

exports[`InstallArmAWSIPI renders correctly 1`] = `
<Fragment>
  <PageTitle
    breadcrumbs={
      <Breadcrumbs
        path={
          Array [
            Object {
              "label": "Clusters",
            },
            Object {
              "label": "Create",
              "path": "/create",
            },
            Object {
              "label": "Amazon Web Services (ARM)",
            },
            Object {
              "label": "Installer-provisioned infrastructure",
            },
          ]
        }
      />
    }
    title="Install OpenShift on AWS with installer-provisioned ARM infrastructure"
  />
  <PageSection>
    <OCPInstructions
      channel="stable"
      cloudProviderID="armaws"
      customizations="https://docs.openshift.com/container-platform/4.10/installing/installing_aws/installing-aws-customizations.html"
      docURL="https://docs.openshift.com/container-platform/4.10/installing/installing_aws/installing-aws-account.html"
      installer="aarch64-openshift-install"
      isBMIPI={false}
      preReleasePageLink="/install/arm/pre-release"
      title="Install OpenShift on AWS with installer-provisioned ARM infrastructure"
      token={Object {}}
    />
  </PageSection>
</Fragment>
`;
