// Jest Snapshot v1, https://goo.gl/fbAQLP

exports[`InstallAlibaba renders correctly 1`] = `
<Fragment>
  <PageTitle
    breadcrumbs={
      <Breadcrumbs
        path={
          Array [
            Object {
              "label": "Clusters",
            },
            Object {
              "label": "Cluster Type",
              "path": "/create",
            },
            Object {
              "label": "Alibaba Cloud",
            },
          ]
        }
      />
    }
    title="Install OpenShift on Alibaba Cloud with installer-provisioned infrastructure"
  />
  <PageSection>
    <OCPInstructions
      channel="stable"
      cloudProvider="Alibaba Cloud"
      cloudProviderID="alibaba"
      customizations="https://docs.openshift.com/container-platform/4.13/installing/installing_alibaba/installing-alibaba-customizations.html"
      docURL="https://docs.openshift.com/container-platform/4.13/installing/installing_alibaba/preparing-to-install-on-alibaba.html"
      installer="x86_64-openshift-install"
      isBMIPI={false}
      isUPI={false}
      publicCloud={true}
      title="Install OpenShift on Alibaba Cloud with installer-provisioned infrastructure"
      token={Object {}}
    />
  </PageSection>
</Fragment>
`;
