// Jest Snapshot v1, https://goo.gl/fbAQLP

exports[`InstallPower renders correctly 1`] = `
<AppPage
  title="Install OpenShift 4 | Red Hat OpenShift Cluster Manager | IBM Z (s390x)"
>
  <PageTitle
    breadcrumbs={
      <Breadcrumbs
        path={
          Array [
            Object {
              "label": "Clusters",
            },
            Object {
              "label": "Cluster Type",
              "path": "/create",
            },
            Object {
              "label": "IBM Z (s390x)",
              "path": "/install/ibmz",
            },
            Object {
              "label": "User-provisioned infrastructure",
            },
          ]
        }
      />
    }
    title="Install OpenShift on IBM Z (s390x) with user-provisioned infrastructure"
  />
  <PageSection>
    <OCPInstructions
      channel="stable"
      cloudProviderID="baremetal"
      docURL="https://docs.openshift.com/container-platform/4.14/installing/installing_ibm_z/installing-ibm-z.html"
      installer="s390x-openshift-install"
      isBMIPI={false}
      isUPI={true}
      preReleasePageLink="/install/ibmz/pre-release"
      rhcos={
        Object {
          "additionalInstructions": <AdditionalInstructionsS390x />,
          "downloads": Array [
            Object {
              "buttonText": "Download RHCOS initramfs",
              "name": "OCP-Download-RHCOS-initramfs",
              "url": "https://mirror.openshift.com/pub/openshift-v4/s390x/dependencies/rhcos/latest/rhcos-live-initramfs.s390x.img",
            },
            Object {
              "buttonText": "Download RHCOS kernel",
              "name": "OCP-Download-RHCOS-kernel",
              "url": "https://mirror.openshift.com/pub/openshift-v4/s390x/dependencies/rhcos/latest/rhcos-live-kernel-s390x",
            },
            Object {
              "buttonText": "Download RHCOS rootfs",
              "name": "OCP-Download-RHCOS-rootfs",
              "url": "https://mirror.openshift.com/pub/openshift-v4/s390x/dependencies/rhcos/latest/rhcos-live-rootfs.s390x.img",
            },
            Object {
              "buttonText": "Download QCOW2 image",
              "name": "OCP-Download-RHCOS-qcow2",
              "url": "https://mirror.openshift.com/pub/openshift-v4/s390x/dependencies/rhcos/latest/rhcos-qemu.s390x.qcow2.gz",
            },
          ],
        }
      }
      title="Install OpenShift on IBM Z (s390x) with user-provisioned infrastructure"
      token={Object {}}
    />
  </PageSection>
</AppPage>
`;
