// Jest Snapshot v1, https://goo.gl/fbAQLP

exports[`InstallArmAWSUPI renders correctly 1`] = `
<Fragment>
  <PageTitle
    breadcrumbs={
      <Breadcrumbs
        path={
          Array [
            Object {
              "label": "Clusters",
            },
            Object {
              "label": "Create",
              "path": "/create",
            },
            Object {
              "label": "Amazon Web Services (ARM)",
              "path": "/install/aws/arm",
            },
            Object {
              "label": "User-provisioned infrastructure",
            },
          ]
        }
      />
    }
    title="Install OpenShift on AWS with user-provisioned ARM infrastructure"
  />
  <PageSection>
    <OCPInstructions
      channel="stable"
      cloudProviderID="aws"
      docURL="https://docs.openshift.com/container-platform/4.11/installing/installing_aws/installing-aws-user-infra.html"
      installer="aarch64-openshift-install"
      isBMIPI={false}
      isUPI={true}
      preReleasePageLink="/install/arm/pre-release"
      title="Install OpenShift on AWS with user-provisioned ARM infrastructure"
      token={Object {}}
    />
  </PageSection>
</Fragment>
`;
