// Jest Snapshot v1, https://goo.gl/fbAQLP

exports[`InstallPullSecretAzure renders correctly 1`] = `
<AppPage
  title="Install OpenShift 4 | Pull Secret"
>
  <PageTitle
    title="Azure Red Hat OpenShift"
  />
  <PageSection
    className="ocp-instructions"
  >
    <Title
      headingLevel="h3"
      size="2xl"
    >
      Red Hat content access
    </Title>
    <Card>
      <div
        className="pf-l-grid pf-m-gutter ocm-page"
      >
        <div
          className="pf-c-content"
        >
          <h3
            className="pf-c-title pf-m-md downloads-subtitle"
          >
            Pull secret
          </h3>
          <PullSecretSection
            text="Download or copy your pull secret. Your pull secret provides your Azure Red Hat OpenShift cluster with access to additional content provided by Red Hat."
            token={Object {}}
          />
          <Alert
            className="bottom-alert"
            isInline={true}
            title="Connecting your cluster to OpenShift Cluster Manager"
            variant="info"
          >
            <p>
              Azure Red Hat OpenShift clusters do not connect to OpenShift Cluster Manager at creation time. Follow the
               
              <ExternalLink
                href="https://docs.microsoft.com/en-us/azure/openshift/howto-add-update-pull-secret"
              >
                Microsoft documentation
              </ExternalLink>
               if you would like to enable telemetry as a day 2 operation.
            </p>
          </Alert>
        </div>
      </div>
    </Card>
  </PageSection>
</AppPage>
`;
