// Jest Snapshot v1, https://goo.gl/fbAQLP

exports[`InstallBareMetalIPI renders correctly 1`] = `
<Fragment>
  <PageTitle
    breadcrumbs={
      <Breadcrumbs
        path={
          Array [
            Object {
              "label": "Clusters",
            },
            Object {
              "label": "Create",
              "path": "/create",
            },
            Object {
              "label": "Bare Metal",
              "path": "/install/metal",
            },
            Object {
              "label": "Installer-provisioned infrastructure",
            },
          ]
        }
      />
    }
    title="Install OpenShift on Bare Metal with installer-provisioned infrastructure"
  />
  <PageSection>
    <OCPInstructions
      breadcrumbs={
        <Breadcrumbs
          path={
            Array [
              Object {
                "label": "Clusters",
              },
              Object {
                "label": "Create",
                "path": "/create",
              },
              Object {
                "label": "Bare Metal",
                "path": "/install/metal",
              },
              Object {
                "label": "Installer-provisioned infrastructure",
              },
            ]
          }
        />
      }
      channel="stable"
      cloudProviderID="baremetal"
      docURL="https://docs.openshift.com/container-platform/4.10/installing/installing_bare_metal_ipi/ipi-install-installation-workflow.html"
      installer="x86_64-openshift-install"
      isBMIPI={true}
      title="Install OpenShift on Bare Metal with installer-provisioned infrastructure"
      token={Object {}}
    />
  </PageSection>
</Fragment>
`;
