// Jest Snapshot v1, https://goo.gl/fbAQLP

exports[`<AddOns /> should render 1`] = `
<Fragment>
  <Gallery
    className="addon-gallery"
    hasGutter={true}
  >
    <GalleryItem>
      <Connect(AddOnsCard)
        addOn={
          Object {
            "description": "Based on the open source Istio project, Red Hat OpenShift Service Mesh provides an easy way to create a network of deployed services that provides discovery, load balancing, service-to-service authentication, failure recovery, metrics, and monitoring.",
            "enabled": true,
            "href": "/api/clusters_mgmt/v1/addons/service-mesh",
            "icon": null,
            "id": "service-mesh",
            "install_mode": "single_namespace",
            "kind": "AddOn",
            "label": "api.openshift.com/addon-service-mesh",
            "name": "Red Hat OpenShift Service Mesh",
            "operator_name": "service-mesh-operator",
            "resource_cost": 1,
            "resource_name": "addon-service-mesh",
            "target_namespace": "redhat-service-mesh-operator",
          }
        }
        hasQuota={false}
        installedAddOn={
          Object {
            "addon": Object {
              "id": "service-mesh",
            },
            "href": "/api/clusters_mgmt/v1/addons/service-mesh",
            "kind": "AddOnLink",
            "state": "ready",
          }
        }
        key="service-mesh"
        requirements={
          Object {
            "errorMsgs": Array [],
            "fulfilled": true,
          }
        }
      />
    </GalleryItem>
  </Gallery>
  <Connect(ReduxForm)
    clusterID="1i4counta3holamvo1g5tp6n8p3a03bq"
  />
  <Connect(AddOnsDeleteModal) />
</Fragment>
`;
