// Jest Snapshot v1, https://goo.gl/fbAQLP

exports[`<ExternalLink /> should render 1`] = `
<a
  href="http://example.com"
  rel="noreferrer noopener"
  target="_blank"
>
  Hello World
  <span
    className="pf-u-screen-reader"
  >
     (new window or tab)
  </span>
   
  <ExternalLinkAltIcon
    color="#0066cc"
    noVerticalAlign={false}
    size="sm"
  />
</a>
`;
