// Jest Snapshot v1, https://goo.gl/fbAQLP

exports[`PreviewLabel post GA date 1`] = `
<PreviewLabel
  creationDateStr="2023-08-01T00:00:00.000Z"
/>
`;

exports[`PreviewLabel post GA date 2`] = `
<PreviewLabel
  creationDateStr="2023-08-01T00:00:00.000Z"
/>
`;

exports[`PreviewLabel pre GA date 1`] = `
<PreviewLabel
  creationDateStr="2023-07-31T23:59:59.000Z"
>
  <Label
    color="green"
    icon={
      <InfoCircleIcon
        color="currentColor"
        noVerticalAlign={false}
        size="sm"
      />
    }
    render={[Function]}
  >
    <span
      className="pf-c-label pf-m-green"
    >
      <a
        className="pf-c-label__content"
        href="https://access.redhat.com/support/offerings/techpreview"
        rel="noreferrer"
        target="_blank"
      >
        <span
          className="pf-c-label__icon"
        >
          <InfoCircleIcon
            color="currentColor"
            noVerticalAlign={false}
            size="sm"
          >
            <svg
              aria-hidden={true}
              aria-labelledby={null}
              fill="currentColor"
              height="1em"
              role="img"
              style={
                Object {
                  "verticalAlign": "-0.125em",
                }
              }
              viewBox="0 0 512 512"
              width="1em"
            >
              <path
                d="M256 8C119.043 8 8 119.083 8 256c0 136.997 111.043 248 248 248s248-111.003 248-248C504 119.083 392.957 8 256 8zm0 110c23.196 0 42 18.804 42 42s-18.804 42-42 42-42-18.804-42-42 18.804-42 42-42zm56 254c0 6.627-5.373 12-12 12h-88c-6.627 0-12-5.373-12-12v-24c0-6.627 5.373-12 12-12h12v-64h-12c-6.627 0-12-5.373-12-12v-24c0-6.627 5.373-12 12-12h64c6.627 0 12 5.373 12 12v100h12c6.627 0 12 5.373 12 12v24z"
              />
            </svg>
          </InfoCircleIcon>
        </span>
        Preview
      </a>
    </span>
  </Label>
</PreviewLabel>
`;
