// Jest Snapshot v1, https://goo.gl/fbAQLP

exports[`VSphere instructions renders correctly 1`] = `
<Card>
  <div
    className="pf-c-content ocm-page"
  >
    <Title
      headingLevel="h3"
      size="2xl"
    >
      VMware vSphere: Select an installation type
    </Title>
    <div
      className="flex-container"
    >
      <Link
        className="ocm-c-ipi-upi-infra-card infra-card pf-c-card"
        data-testid="assisted-installer-vsphere-card"
        to="/assisted-installer/clusters/~new"
      >
        <CardBadge
          devPreviewText="Technology Preview"
          isDevPreview={true}
        />
        <CardBody
          className="ocm-c-ipi-upi-infra-card--body"
        >
          <ConnectedIcon
            alt="Installer-Provisioned Infrastructure"
            color="currentColor"
            noVerticalAlign={false}
            size="sm"
          />
          <Title
            headingLevel="h3"
            size="lg"
          >
            Assisted Installer
          </Title>
           
          Install OpenShift on your own infrastructure with step-by-step guidance.
        </CardBody>
      </Link>
      <Link
        className="ocm-c-ipi-upi-infra-card infra-card pf-c-card"
        to="/install/vsphere/installer-provisioned"
      >
        <CardBadge
          isRecommened={true}
        />
        <CardBody
          className="ocm-c-ipi-upi-infra-card--body"
        >
          <SyncAltIcon
            alt="Installer-Provisioned Infrastructure"
            color="currentColor"
            noVerticalAlign={false}
            size="sm"
          />
          <Title
            headingLevel="h3"
            size="lg"
          >
            Installer-provisioned infrastructure
          </Title>
           
          Deploy an OpenShift cluster on infrastructure that the installation program provisions and the cluster maintains.
        </CardBody>
      </Link>
      <Link
        className="ocm-c-ipi-upi-infra-card infra-card pf-c-card"
        to="/install/vsphere/user-provisioned"
      >
        <CardBadge
          isHidden={true}
        />
        <CardBody
          className="ocm-c-ipi-upi-infra-card--body"
        >
          <UserIcon
            alt="User-Provisioned Infrastructure"
            color="currentColor"
            noVerticalAlign={false}
            size="sm"
          />
          <Title
            headingLevel="h3"
            size="lg"
          >
            User-provisioned infrastructure
          </Title>
          Deploy an OpenShift cluster on infrastructure that you prepare and maintain.
        </CardBody>
      </Link>
    </div>
  </div>
</Card>
`;
