// Jest Snapshot v1, https://goo.gl/fbAQLP

exports[`<Overview /> renders correctly 1`] = `
<Fragment>
  <PageHeader>
    <PageHeaderTitle
      className="page-title"
      title="Overview"
    />
  </PageHeader>
  <PageSection>
    <Grid
      hasGutter={true}
      id="overview-grid"
    >
      <TopOverviewSection
        isError={false}
        totalCPU={
          Object {
            "value": 150,
          }
        }
        totalClusters={30}
        totalConnectedClusters={10}
        totalMem={
          Object {
            "value": 100,
          }
        }
        totalUnhealthyClusters={5}
        usedCPU={
          Object {
            "value": 10,
          }
        }
        usedMem={
          Object {
            "value": 10,
          }
        }
      />
      <GridItem
        md={6}
        sm={12}
      >
        <Connect(ClustersWithIssuesTableCard)
          unhealthyClusters={
            Object {
              "clusters": Array [
                Object {
                  "api": Object {
                    "url": "https://api.test-liza.sdev.devshift.net:6443",
                  },
                  "canDelete": true,
                  "canEdit": true,
                  "cloud_provider": Object {
                    "href": "/api/clusters_mgmt/v1/cloud_providers/aws",
                    "id": "aws",
                    "kind": "CloudProviderLink",
                  },
                  "cluster_admin_enabled": false,
                  "console": Object {
                    "url": "https://console-openshift-console.apps.test-liza.sdev.devshift.net",
                  },
                  "creation_timestamp": "2019-03-26T15:18:39.06783Z",
                  "display_name": "test-liza",
                  "dns": Object {
                    "base_domain": "sdev.devshift.net",
                  },
                  "external_id": "9f50940b-fba8-4c59-9c6c-d64284b2026d",
                  "flavour": Object {
                    "href": "/api/clusters_mgmt/v1/flavours/osd-4",
                    "id": "osd-4",
                    "kind": "FlavourLink",
                  },
                  "health_state": "unhealthy",
                  "href": "/api/clusters_mgmt/v1/clusters/1IztzhAGrbjtKkMbiPewJanhTXk",
                  "id": "1IztzhAGrbjtKkMbiPewJanhTXk",
                  "kind": "Cluster",
                  "load_balancer_quota": 0,
                  "managed": true,
                  "metrics": Object {
                    "cpu": Object {
                      "total": Object {
                        "unit": "",
                        "value": 16,
                      },
                      "updated_timestamp": "2019-04-28T14:23:18Z",
                      "used": Object {
                        "unit": "",
                        "value": 3.995410922987096,
                      },
                    },
                    "critical_alerts_firing": 5,
                    "memory": Object {
                      "total": Object {
                        "unit": "B",
                        "value": 82293346304,
                      },
                      "updated_timestamp": "2019-04-28T14:23:19Z",
                      "used": Object {
                        "unit": "B",
                        "value": 16546058240,
                      },
                    },
                    "nodes": Object {
                      "compute": 4,
                      "master": 3,
                      "total": 7,
                    },
                    "sockets": Object {
                      "total": Object {
                        "unit": "",
                        "value": 0,
                      },
                      "updated_timestamp": "0001-01-01T00:00:00Z",
                      "used": Object {
                        "unit": "",
                        "value": 0,
                      },
                    },
                    "storage": Object {
                      "total": Object {
                        "unit": "B",
                        "value": 0,
                      },
                      "updated_timestamp": "0001-01-01T00:00:00Z",
                      "used": Object {
                        "unit": "B",
                        "value": 0,
                      },
                    },
                  },
                  "multi_az": false,
                  "name": "test-liza",
                  "network": Object {
                    "machine_cidr": "10.0.0.0/16",
                    "pod_cidr": "10.128.0.0/14",
                    "router_shards": Object {
                      "href": "/api/clusters_mgmt/v1/clusters/1IztzhAGrbjtKkMbiPewJanhTXk/router_shards",
                      "id": "1IztzhAGrbjtKkMbiPewJanhTXk",
                      "kind": "RouterShardListLink",
                    },
                    "service_cidr": "172.30.0.0/16",
                  },
                  "nodes": Object {
                    "compute": 2,
                    "master": 3,
                    "total": 5,
                  },
                  "region": Object {
                    "href": "/api/clusters_mgmt/v1/cloud_providers/aws/regions/us-east-1",
                    "id": "us-east-1",
                    "kind": "CloudRegionLink",
                  },
                  "state": "ready",
                  "storage_quota": Object {
                    "unit": "B",
                    "value": 107374182400,
                  },
                  "subscription": Object {
                    "id": "foo",
                  },
                  "version": Object {
                    "href": "/api/clusters_mgmt/v1/versions/openshift-v4.0-latest",
                    "id": "openshift-v4.0-latest",
                    "kind": "VersionLink",
                  },
                },
              ],
              "error": false,
              "errorMessage": "",
              "fulfilled": true,
              "pending": false,
              "valid": false,
            }
          }
          viewOptions={
            Object {
              "currentPage": 1,
              "pageSize": 1,
              "totalCount": 1,
              "totalPages": 1,
            }
          }
        />
      </GridItem>
      <GridItem
        md={6}
        sm={12}
      >
        <Card
          className="clusters-overview-card"
        >
          <CardTitle>
            Telemetry
          </CardTitle>
          <CardBody>
            <SmallClusterChart
              availableTitle="Not checking in"
              donutId="connected_clusters_donut"
              total={30}
              unit="clusters"
              used={10}
              usedTitle="Connected"
            />
          </CardBody>
        </Card>
      </GridItem>
      <GridItem
        md={6}
        sm={12}
      >
        <Card
          className="clusters-overview-card"
        >
          <CardTitle>
            Update status
          </CardTitle>
          <CardBody>
            <SmallClusterChart
              availableTitle="Update available"
              donutId="update_available_donut"
              total={11}
              unit="clusters"
              used={10}
              usedTitle="Up-to-date"
            />
          </CardBody>
        </Card>
      </GridItem>
      <GridItem
        span={12}
      >
        <Connect(ExpiredTrialsCard) />
      </GridItem>
    </Grid>
    <Connect(ConnectedModal)
      ModalComponent={
        Object {
          "$$typeof": Symbol(react.memo),
          "WrappedComponent": [Function],
          "compare": null,
          "displayName": "Connect(EditSubscriptionSettingsDialog)",
          "modalName": "edit-subscription-settings",
          "type": [Function],
        }
      }
      onClose={[MockFunction]}
    />
    <Connect(ConnectedModal)
      ModalComponent={
        Object {
          "$$typeof": Symbol(react.memo),
          "WrappedComponent": [Function],
          "compare": null,
          "displayName": "Connect(ArchiveClusterDialog)",
          "modalName": "archive-cluster",
          "type": [Function],
        }
      }
      onClose={[MockFunction]}
    />
  </PageSection>
</Fragment>
`;
